---
source: src/parser.rs
expression: parsed
---
file [0..530]
    object [0..530]
        LBrace "{" [0..1]
        Newline "\n" [1..2]
        Whitespace "            " [2..14]
        member [14..39]
            String "\"str\"" [14..19]
            Colon ":" [19..20]
            Whitespace " " [20..21]
            literal [21..39]
                String "\"this is a string\"" [21..39]
        Comma "," [39..40]
        Newline "\n" [40..41]
        Whitespace "            " [41..53]
        member [53..70]
            String "\"number\"" [53..61]
            Colon ":" [61..62]
            Whitespace " " [62..63]
            literal [63..70]
                Number "123.456" [63..70]
        Comma "," [70..71]
        Newline "\n" [71..72]
        Whitespace "            " [72..84]
        member [84..101]
            String "\"bool_true\"" [84..95]
            Colon ":" [95..96]
            Whitespace " " [96..97]
            literal [97..101]
                boolean [97..101]
                    True "true" [97..101]
        Comma "," [101..102]
        Newline "\n" [102..103]
        Whitespace "            " [103..115]
        member [115..134]
            String "\"bool_false\"" [115..127]
            Colon ":" [127..128]
            Whitespace " " [128..129]
            literal [129..134]
                boolean [129..134]
                    False "false" [129..134]
        Comma "," [134..135]
        Newline "\n" [135..136]
        Whitespace "            " [136..148]
        member [148..159]
            String "\"nil\"" [148..153]
            Colon ":" [153..154]
            Whitespace " " [154..155]
            literal [155..159]
                Null "null" [155..159]
        Comma "," [159..160]
        Newline "\n" [160..161]
        Whitespace "            " [161..173]
        member [173..203]
            String "\"array\"" [173..180]
            Colon ":" [180..181]
            Whitespace " " [181..182]
            array [182..203]
                LBrak "[" [182..183]
                literal [183..186]
                    Number "123" [183..186]
                Comma "," [186..187]
                Whitespace " " [187..188]
                literal [188..196]
                    String "\"string\"" [188..196]
                Comma "," [196..197]
                Whitespace " " [197..198]
                literal [198..202]
                    boolean [198..202]
                        True "true" [198..202]
                RBrak "]" [202..203]
        Comma "," [203..204]
        Newline "\n" [204..205]
        Whitespace "            " [205..217]
        member [217..282]
            String "\"map\"" [217..222]
            Colon ":" [222..223]
            Whitespace " " [223..224]
            object [224..282]
                LBrace "{" [224..225]
                Newline "\n" [225..226]
                Whitespace "            " [226..238]
                member [238..246]
                    String "\"a\"" [238..241]
                    Colon ":" [241..242]
                    Whitespace " " [242..243]
                    literal [243..246]
                        String "\"b\"" [243..246]
                Comma "," [246..247]
                Newline "\n" [247..248]
                Whitespace "            " [248..260]
                member [260..268]
                    String "\"c\"" [260..263]
                    Colon ":" [263..264]
                    Whitespace " " [264..265]
                    literal [265..268]
                        Number "123" [265..268]
                Newline "\n" [268..269]
                Whitespace "            " [269..281]
                RBrace "}" [281..282]
        Comma "," [282..283]
        Newline "\n" [283..284]
        Whitespace "            " [284..296]
        member [296..520]
            String "\"array of maps\"" [296..311]
            Colon ":" [311..312]
            Whitespace " " [312..313]
            array [313..520]
                LBrak "[" [313..314]
                Newline "\n" [314..315]
                Whitespace "                " [315..331]
                object [331..409]
                    LBrace "{" [331..332]
                    Newline "\n" [332..333]
                    Whitespace "                    " [333..353]
                    member [353..361]
                        String "\"a\"" [353..356]
                        Colon ":" [356..357]
                        Whitespace " " [357..358]
                        literal [358..361]
                            String "\"b\"" [358..361]
                    Comma "," [361..362]
                    Newline "\n" [362..363]
                    Whitespace "                    " [363..383]
                    member [383..391]
                        String "\"c\"" [383..386]
                        Colon ":" [386..387]
                        Whitespace " " [387..388]
                        literal [388..391]
                            Number "123" [388..391]
                    Newline "\n" [391..392]
                    Whitespace "                " [392..408]
                    RBrace "}" [408..409]
                Comma "," [409..410]
                Newline "\n" [410..411]
                Whitespace "                " [411..427]
                object [427..506]
                    LBrace "{" [427..428]
                    Newline "\n" [428..429]
                    Whitespace "                    " [429..449]
                    member [449..457]
                        String "\"a\"" [449..452]
                        Colon ":" [452..453]
                        Whitespace " " [453..454]
                        literal [454..457]
                            String "\"b\"" [454..457]
                    Comma "," [457..458]
                    Newline "\n" [458..459]
                    Whitespace "                    " [459..479]
                    member [479..488]
                        String "\"b\"" [479..482]
                        Colon ":" [482..483]
                        Whitespace " " [483..484]
                        literal [484..488]
                            boolean [484..488]
                                True "true" [484..488]
                    Newline "\n" [488..489]
                    Whitespace "                " [489..505]
                    RBrace "}" [505..506]
                Newline "\n" [506..507]
                Whitespace "            " [507..519]
                RBrak "]" [519..520]
        Newline "\n" [520..521]
        Whitespace "        " [521..529]
        RBrace "}" [529..530]
